
> pinta@1.0.0 build
> vite build

vite v7.3.6 building client environment for production...
transforming...
✓ 1782 modules transformed.
rendering chunks...
computing gzip size...
dist/index.html                                       0.83 kB │ gzip:   0.46 kB
dist/assets/pdf.worker.min-BmVo14Nb.mjs           1,317.03 kB
dist/assets/index-B6fGfrjk.css                       66.57 kB │ gzip:  12.11 kB
dist/assets/copy-CG957VGd.js                          0.23 kB │ gzip:   0.20 kB
dist/assets/file-spreadsheet-CWiu7jyK.js              0.48 kB │ gzip:   0.30 kB
dist/assets/trash-2-CiLn1Ov4.js                       0.51 kB │ gzip:   0.32 kB
dist/assets/calculator-Dr1rtR36.js                    0.53 kB │ gzip:   0.28 kB
dist/assets/exportExcel-DoTRC2dA.js                   1.31 kB │ gzip:   0.75 kB
dist/assets/ViewToggle-Cv5rY89r.js                    1.34 kB │ gzip:   0.57 kB
dist/assets/exportDAU-DEB522qK.js                     1.72 kB │ gzip:   0.92 kB
dist/assets/exportFactureCommerciPDF-IjpoNo0a.js      2.24 kB │ gzip:   1.15 kB
dist/assets/exportEtiquettes-CEEO7397.js              3.79 kB │ gzip:   1.57 kB
dist/assets/ClientNotifs-wNQt4ang.js                  3.88 kB │ gzip:   1.69 kB
dist/assets/exportDevisPDF-CDXB-t57.js                4.33 kB │ gzip:   1.84 kB
dist/assets/TrackingPublic-Cjx4SV5G.js                7.69 kB │ gzip:   2.86 kB
dist/assets/DevisProspect-BZ0RIibz.js                 8.28 kB │ gzip:   3.12 kB
dist/assets/ClientColis-C1wICpnQ.js                  11.31 kB │ gzip:   3.05 kB
dist/assets/ClientProfil-nQo-_Y3D.js                 11.75 kB │ gzip:   4.49 kB
dist/assets/ClientAccueil-BnThMo3a.js                14.48 kB │ gzip:   3.85 kB
dist/assets/browser-BARc231u.js                      25.78 kB │ gzip:  10.02 kB
dist/assets/purify.es-CEBYger9.js                    28.86 kB │ gzip:  11.03 kB
dist/assets/jspdf.plugin.autotable-DEZvi-_-.js       30.89 kB │ gzip:   9.86 kB
dist/assets/StaffClients-DnjLHsu1.js                 34.06 kB │ gzip:   8.94 kB
dist/assets/StaffSettings-DTL8CI59.js                35.83 kB │ gzip:  11.24 kB
dist/assets/StaffClientDetail-B8Ckk6-6.js            48.92 kB │ gzip:  12.82 kB
dist/assets/StaffSplitView-_dlPhRxg.js               65.61 kB │ gzip:  19.18 kB
dist/assets/index.es-CIFx6iGo.js                    159.02 kB │ gzip:  52.97 kB
dist/assets/react-vendor-DpfZLGEx.js                181.70 kB │ gzip:  59.87 kB
dist/assets/html2canvas.esm-DfICb1sL.js             201.06 kB │ gzip:  47.08 kB
dist/assets/supabase-vendor-DDrlQt8y.js             226.99 kB │ gzip:  58.79 kB
dist/assets/index-Wsh7BQ49.js                       313.43 kB │ gzip:  87.48 kB
dist/assets/jspdf.es.min-f2p9x6It.js                385.91 kB │ gzip: 124.83 kB
dist/assets/xlsx-B1qyvIrS.js                        492.02 kB │ gzip: 159.00 kB
dist/assets/PDFPreview-CY8z-s34.js                  542.87 kB │ gzip: 165.27 kB

(!) Some chunks are larger than 500 kB after minification. Consider:
- Using dynamic import() to code-split the application
- Use build.rollupOptions.output.manualChunks to improve chunking: https://rollupjs.org/configuration-options/#output-manualchunks
- Adjust chunk size limit for this warning via build.chunkSizeWarningLimit.
✓ built in 3.60s
